// Jest Snapshot v1, https://goo.gl/fbAQLP

exports[`Snapshot test login component Matches snapshot 1`] = `"<div class=\\"MuiGrid-root MuiGrid-container\\"><div class=\\"MuiGrid-root MuiGrid-item\\"><h2 class=\\"MuiTypography-root MuiTypography-h2\\">Login</h2></div><div class=\\"MuiGrid-root MuiGrid-item\\"><form><div class=\\"MuiGrid-root MuiGrid-container MuiGrid-spacing-xs-2\\"><div class=\\"MuiGrid-root MuiGrid-item\\"><div class=\\"MuiFormControl-root MuiTextField-root\\"><label class=\\"MuiFormLabel-root MuiInputLabel-root MuiInputLabel-formControl MuiInputLabel-animated\\" data-shrink=\\"false\\">Username</label><div class=\\"MuiInputBase-root MuiInput-root MuiInput-underline MuiInputBase-formControl MuiInput-formControl\\"><input type=\\"text\\" aria-invalid=\\"false\\" name=\\"username\\" value=\\"\\" class=\\"MuiInputBase-input MuiInput-input\\"/></div></div></div><div class=\\"MuiGrid-root MuiGrid-item\\"><div class=\\"MuiFormControl-root MuiTextField-root\\"><label class=\\"MuiFormLabel-root MuiInputLabel-root MuiInputLabel-formControl MuiInputLabel-animated\\" data-shrink=\\"false\\">Password</label><div class=\\"MuiInputBase-root MuiInput-root MuiInput-underline MuiInputBase-formControl MuiInput-formControl\\"><input type=\\"password\\" aria-invalid=\\"false\\" name=\\"password\\" value=\\"\\" class=\\"MuiInputBase-input MuiInput-input\\"/></div></div></div><div class=\\"MuiGrid-root MuiGrid-item\\"><button class=\\"MuiButtonBase-root MuiButton-root MuiButton-text\\" tabindex=\\"0\\" type=\\"submit\\"><span class=\\"MuiButton-label\\">Submit</span></button></div></div></form></div><div class=\\"MuiGrid-root MuiGrid-item\\"><li class=\\"MuiButtonBase-root MuiListItem-root MuiMenuItem-root MuiMenuItem-gutters MuiListItem-gutters MuiListItem-button\\" tabindex=\\"-1\\" role=\\"menuitem\\" aria-disabled=\\"false\\">Create an account here.</li></div><div class=\\"MuiGrid-root MuiGrid-item\\"><h6 class=\\"MuiTypography-root MuiTypography-h6\\"></h6></div></div>"`;
