// Jest Snapshot v1, https://goo.gl/fbAQLP

exports[`Test owner dashboard Matches snapshot 1`] = `ShallowWrapper {}`;
