// Jest Snapshot v1, https://goo.gl/fbAQLP

exports[`Snapshot test route map component Matches OK snapshot 1`] = `"<div class=\\"MuiContainer-root MuiContainer-maxWidthLg\\"><p>Please wait...</p><button class=\\"MuiButtonBase-root MuiButton-root MuiButton-text Mui-disabled Mui-disabled\\" tabindex=\\"-1\\" type=\\"button\\" disabled=\\"\\"><span class=\\"MuiButton-label\\">SAVE</span></button><div class=\\"MuiFormGroup-root MuiFormGroup-row\\"><label class=\\"MuiFormControlLabel-root\\"><span class=\\"MuiButtonBase-root MuiIconButton-root PrivateSwitchBase-root-1 MuiCheckbox-root MuiCheckbox-colorSecondary MuiIconButton-colorSecondary\\" aria-disabled=\\"false\\"><span class=\\"MuiIconButton-label\\"><input type=\\"checkbox\\" class=\\"PrivateSwitchBase-input-4\\" data-indeterminate=\\"false\\"/><svg class=\\"MuiSvgIcon-root\\" focusable=\\"false\\" viewBox=\\"0 0 24 24\\" aria-hidden=\\"true\\"><path d=\\"M19 5v14H5V5h14m0-2H5c-1.1 0-2 .9-2 2v14c0 1.1.9 2 2 2h14c1.1 0 2-.9 2-2V5c0-1.1-.9-2-2-2z\\"></path></svg></span></span><span class=\\"MuiTypography-root MuiFormControlLabel-label MuiTypography-body1\\">SUNDAY</span></label><label class=\\"MuiFormControlLabel-root\\"><span class=\\"MuiButtonBase-root MuiIconButton-root PrivateSwitchBase-root-1 MuiCheckbox-root MuiCheckbox-colorSecondary MuiIconButton-colorSecondary\\" aria-disabled=\\"false\\"><span class=\\"MuiIconButton-label\\"><input type=\\"checkbox\\" class=\\"PrivateSwitchBase-input-4\\" data-indeterminate=\\"false\\"/><svg class=\\"MuiSvgIcon-root\\" focusable=\\"false\\" viewBox=\\"0 0 24 24\\" aria-hidden=\\"true\\"><path d=\\"M19 5v14H5V5h14m0-2H5c-1.1 0-2 .9-2 2v14c0 1.1.9 2 2 2h14c1.1 0 2-.9 2-2V5c0-1.1-.9-2-2-2z\\"></path></svg></span></span><span class=\\"MuiTypography-root MuiFormControlLabel-label MuiTypography-body1\\">MONDAY</span></label><label class=\\"MuiFormControlLabel-root\\"><span class=\\"MuiButtonBase-root MuiIconButton-root PrivateSwitchBase-root-1 MuiCheckbox-root MuiCheckbox-colorSecondary MuiIconButton-colorSecondary\\" aria-disabled=\\"false\\"><span class=\\"MuiIconButton-label\\"><input type=\\"checkbox\\" class=\\"PrivateSwitchBase-input-4\\" data-indeterminate=\\"false\\"/><svg class=\\"MuiSvgIcon-root\\" focusable=\\"false\\" viewBox=\\"0 0 24 24\\" aria-hidden=\\"true\\"><path d=\\"M19 5v14H5V5h14m0-2H5c-1.1 0-2 .9-2 2v14c0 1.1.9 2 2 2h14c1.1 0 2-.9 2-2V5c0-1.1-.9-2-2-2z\\"></path></svg></span></span><span class=\\"MuiTypography-root MuiFormControlLabel-label MuiTypography-body1\\">TUESDAY</span></label><label class=\\"MuiFormControlLabel-root\\"><span class=\\"MuiButtonBase-root MuiIconButton-root PrivateSwitchBase-root-1 MuiCheckbox-root MuiCheckbox-colorSecondary MuiIconButton-colorSecondary\\" aria-disabled=\\"false\\"><span class=\\"MuiIconButton-label\\"><input type=\\"checkbox\\" class=\\"PrivateSwitchBase-input-4\\" data-indeterminate=\\"false\\"/><svg class=\\"MuiSvgIcon-root\\" focusable=\\"false\\" viewBox=\\"0 0 24 24\\" aria-hidden=\\"true\\"><path d=\\"M19 5v14H5V5h14m0-2H5c-1.1 0-2 .9-2 2v14c0 1.1.9 2 2 2h14c1.1 0 2-.9 2-2V5c0-1.1-.9-2-2-2z\\"></path></svg></span></span><span class=\\"MuiTypography-root MuiFormControlLabel-label MuiTypography-body1\\">WEDNESDAY</span></label><label class=\\"MuiFormControlLabel-root\\"><span class=\\"MuiButtonBase-root MuiIconButton-root PrivateSwitchBase-root-1 MuiCheckbox-root MuiCheckbox-colorSecondary MuiIconButton-colorSecondary\\" aria-disabled=\\"false\\"><span class=\\"MuiIconButton-label\\"><input type=\\"checkbox\\" class=\\"PrivateSwitchBase-input-4\\" data-indeterminate=\\"false\\"/><svg class=\\"MuiSvgIcon-root\\" focusable=\\"false\\" viewBox=\\"0 0 24 24\\" aria-hidden=\\"true\\"><path d=\\"M19 5v14H5V5h14m0-2H5c-1.1 0-2 .9-2 2v14c0 1.1.9 2 2 2h14c1.1 0 2-.9 2-2V5c0-1.1-.9-2-2-2z\\"></path></svg></span></span><span class=\\"MuiTypography-root MuiFormControlLabel-label MuiTypography-body1\\">THURSDAY</span></label><label class=\\"MuiFormControlLabel-root\\"><span class=\\"MuiButtonBase-root MuiIconButton-root PrivateSwitchBase-root-1 MuiCheckbox-root MuiCheckbox-colorSecondary MuiIconButton-colorSecondary\\" aria-disabled=\\"false\\"><span class=\\"MuiIconButton-label\\"><input type=\\"checkbox\\" class=\\"PrivateSwitchBase-input-4\\" data-indeterminate=\\"false\\"/><svg class=\\"MuiSvgIcon-root\\" focusable=\\"false\\" viewBox=\\"0 0 24 24\\" aria-hidden=\\"true\\"><path d=\\"M19 5v14H5V5h14m0-2H5c-1.1 0-2 .9-2 2v14c0 1.1.9 2 2 2h14c1.1 0 2-.9 2-2V5c0-1.1-.9-2-2-2z\\"></path></svg></span></span><span class=\\"MuiTypography-root MuiFormControlLabel-label MuiTypography-body1\\">FRIDAY</span></label><label class=\\"MuiFormControlLabel-root\\"><span class=\\"MuiButtonBase-root MuiIconButton-root PrivateSwitchBase-root-1 MuiCheckbox-root MuiCheckbox-colorSecondary MuiIconButton-colorSecondary\\" aria-disabled=\\"false\\"><span class=\\"MuiIconButton-label\\"><input type=\\"checkbox\\" class=\\"PrivateSwitchBase-input-4\\" data-indeterminate=\\"false\\"/><svg class=\\"MuiSvgIcon-root\\" focusable=\\"false\\" viewBox=\\"0 0 24 24\\" aria-hidden=\\"true\\"><path d=\\"M19 5v14H5V5h14m0-2H5c-1.1 0-2 .9-2 2v14c0 1.1.9 2 2 2h14c1.1 0 2-.9 2-2V5c0-1.1-.9-2-2-2z\\"></path></svg></span></span><span class=\\"MuiTypography-root MuiFormControlLabel-label MuiTypography-body1\\">SATURDAY</span></label></div><div class=\\"MuiContainer-root MuiContainer-fixed MuiContainer-maxWidthLg\\"><div></div><div>Loading...</div></div></div>"`;

exports[`Snapshot test route map component Matches empty locations snapshot 1`] = `"<div class=\\"MuiContainer-root MuiContainer-maxWidthLg\\"><p>Please wait...</p><button class=\\"MuiButtonBase-root MuiButton-root MuiButton-text Mui-disabled Mui-disabled\\" tabindex=\\"-1\\" type=\\"button\\" disabled=\\"\\"><span class=\\"MuiButton-label\\">SAVE</span></button><div class=\\"MuiFormGroup-root MuiFormGroup-row\\"><label class=\\"MuiFormControlLabel-root\\"><span class=\\"MuiButtonBase-root MuiIconButton-root PrivateSwitchBase-root-1 MuiCheckbox-root MuiCheckbox-colorSecondary MuiIconButton-colorSecondary\\" aria-disabled=\\"false\\"><span class=\\"MuiIconButton-label\\"><input type=\\"checkbox\\" class=\\"PrivateSwitchBase-input-4\\" data-indeterminate=\\"false\\"/><svg class=\\"MuiSvgIcon-root\\" focusable=\\"false\\" viewBox=\\"0 0 24 24\\" aria-hidden=\\"true\\"><path d=\\"M19 5v14H5V5h14m0-2H5c-1.1 0-2 .9-2 2v14c0 1.1.9 2 2 2h14c1.1 0 2-.9 2-2V5c0-1.1-.9-2-2-2z\\"></path></svg></span></span><span class=\\"MuiTypography-root MuiFormControlLabel-label MuiTypography-body1\\">SUNDAY</span></label><label class=\\"MuiFormControlLabel-root\\"><span class=\\"MuiButtonBase-root MuiIconButton-root PrivateSwitchBase-root-1 MuiCheckbox-root MuiCheckbox-colorSecondary MuiIconButton-colorSecondary\\" aria-disabled=\\"false\\"><span class=\\"MuiIconButton-label\\"><input type=\\"checkbox\\" class=\\"PrivateSwitchBase-input-4\\" data-indeterminate=\\"false\\"/><svg class=\\"MuiSvgIcon-root\\" focusable=\\"false\\" viewBox=\\"0 0 24 24\\" aria-hidden=\\"true\\"><path d=\\"M19 5v14H5V5h14m0-2H5c-1.1 0-2 .9-2 2v14c0 1.1.9 2 2 2h14c1.1 0 2-.9 2-2V5c0-1.1-.9-2-2-2z\\"></path></svg></span></span><span class=\\"MuiTypography-root MuiFormControlLabel-label MuiTypography-body1\\">MONDAY</span></label><label class=\\"MuiFormControlLabel-root\\"><span class=\\"MuiButtonBase-root MuiIconButton-root PrivateSwitchBase-root-1 MuiCheckbox-root MuiCheckbox-colorSecondary MuiIconButton-colorSecondary\\" aria-disabled=\\"false\\"><span class=\\"MuiIconButton-label\\"><input type=\\"checkbox\\" class=\\"PrivateSwitchBase-input-4\\" data-indeterminate=\\"false\\"/><svg class=\\"MuiSvgIcon-root\\" focusable=\\"false\\" viewBox=\\"0 0 24 24\\" aria-hidden=\\"true\\"><path d=\\"M19 5v14H5V5h14m0-2H5c-1.1 0-2 .9-2 2v14c0 1.1.9 2 2 2h14c1.1 0 2-.9 2-2V5c0-1.1-.9-2-2-2z\\"></path></svg></span></span><span class=\\"MuiTypography-root MuiFormControlLabel-label MuiTypography-body1\\">TUESDAY</span></label><label class=\\"MuiFormControlLabel-root\\"><span class=\\"MuiButtonBase-root MuiIconButton-root PrivateSwitchBase-root-1 MuiCheckbox-root MuiCheckbox-colorSecondary MuiIconButton-colorSecondary\\" aria-disabled=\\"false\\"><span class=\\"MuiIconButton-label\\"><input type=\\"checkbox\\" class=\\"PrivateSwitchBase-input-4\\" data-indeterminate=\\"false\\"/><svg class=\\"MuiSvgIcon-root\\" focusable=\\"false\\" viewBox=\\"0 0 24 24\\" aria-hidden=\\"true\\"><path d=\\"M19 5v14H5V5h14m0-2H5c-1.1 0-2 .9-2 2v14c0 1.1.9 2 2 2h14c1.1 0 2-.9 2-2V5c0-1.1-.9-2-2-2z\\"></path></svg></span></span><span class=\\"MuiTypography-root MuiFormControlLabel-label MuiTypography-body1\\">WEDNESDAY</span></label><label class=\\"MuiFormControlLabel-root\\"><span class=\\"MuiButtonBase-root MuiIconButton-root PrivateSwitchBase-root-1 MuiCheckbox-root MuiCheckbox-colorSecondary MuiIconButton-colorSecondary\\" aria-disabled=\\"false\\"><span class=\\"MuiIconButton-label\\"><input type=\\"checkbox\\" class=\\"PrivateSwitchBase-input-4\\" data-indeterminate=\\"false\\"/><svg class=\\"MuiSvgIcon-root\\" focusable=\\"false\\" viewBox=\\"0 0 24 24\\" aria-hidden=\\"true\\"><path d=\\"M19 5v14H5V5h14m0-2H5c-1.1 0-2 .9-2 2v14c0 1.1.9 2 2 2h14c1.1 0 2-.9 2-2V5c0-1.1-.9-2-2-2z\\"></path></svg></span></span><span class=\\"MuiTypography-root MuiFormControlLabel-label MuiTypography-body1\\">THURSDAY</span></label><label class=\\"MuiFormControlLabel-root\\"><span class=\\"MuiButtonBase-root MuiIconButton-root PrivateSwitchBase-root-1 MuiCheckbox-root MuiCheckbox-colorSecondary MuiIconButton-colorSecondary\\" aria-disabled=\\"false\\"><span class=\\"MuiIconButton-label\\"><input type=\\"checkbox\\" class=\\"PrivateSwitchBase-input-4\\" data-indeterminate=\\"false\\"/><svg class=\\"MuiSvgIcon-root\\" focusable=\\"false\\" viewBox=\\"0 0 24 24\\" aria-hidden=\\"true\\"><path d=\\"M19 5v14H5V5h14m0-2H5c-1.1 0-2 .9-2 2v14c0 1.1.9 2 2 2h14c1.1 0 2-.9 2-2V5c0-1.1-.9-2-2-2z\\"></path></svg></span></span><span class=\\"MuiTypography-root MuiFormControlLabel-label MuiTypography-body1\\">FRIDAY</span></label><label class=\\"MuiFormControlLabel-root\\"><span class=\\"MuiButtonBase-root MuiIconButton-root PrivateSwitchBase-root-1 MuiCheckbox-root MuiCheckbox-colorSecondary MuiIconButton-colorSecondary\\" aria-disabled=\\"false\\"><span class=\\"MuiIconButton-label\\"><input type=\\"checkbox\\" class=\\"PrivateSwitchBase-input-4\\" data-indeterminate=\\"false\\"/><svg class=\\"MuiSvgIcon-root\\" focusable=\\"false\\" viewBox=\\"0 0 24 24\\" aria-hidden=\\"true\\"><path d=\\"M19 5v14H5V5h14m0-2H5c-1.1 0-2 .9-2 2v14c0 1.1.9 2 2 2h14c1.1 0 2-.9 2-2V5c0-1.1-.9-2-2-2z\\"></path></svg></span></span><span class=\\"MuiTypography-root MuiFormControlLabel-label MuiTypography-body1\\">SATURDAY</span></label></div><div class=\\"MuiContainer-root MuiContainer-fixed MuiContainer-maxWidthLg\\"><div></div><div>Loading...</div></div></div>"`;

exports[`Snapshot test route map component Matches route active snapshot 1`] = `"<div class=\\"MuiContainer-root MuiContainer-maxWidthLg\\"><p>Please wait...</p><button class=\\"MuiButtonBase-root MuiButton-root MuiButton-text Mui-disabled Mui-disabled\\" tabindex=\\"-1\\" type=\\"button\\" disabled=\\"\\"><span class=\\"MuiButton-label\\">SAVE</span></button><div class=\\"MuiFormGroup-root MuiFormGroup-row\\"><label class=\\"MuiFormControlLabel-root\\"><span class=\\"MuiButtonBase-root MuiIconButton-root PrivateSwitchBase-root-1 MuiCheckbox-root MuiCheckbox-colorSecondary MuiIconButton-colorSecondary\\" aria-disabled=\\"false\\"><span class=\\"MuiIconButton-label\\"><input type=\\"checkbox\\" class=\\"PrivateSwitchBase-input-4\\" data-indeterminate=\\"false\\"/><svg class=\\"MuiSvgIcon-root\\" focusable=\\"false\\" viewBox=\\"0 0 24 24\\" aria-hidden=\\"true\\"><path d=\\"M19 5v14H5V5h14m0-2H5c-1.1 0-2 .9-2 2v14c0 1.1.9 2 2 2h14c1.1 0 2-.9 2-2V5c0-1.1-.9-2-2-2z\\"></path></svg></span></span><span class=\\"MuiTypography-root MuiFormControlLabel-label MuiTypography-body1\\">SUNDAY</span></label><label class=\\"MuiFormControlLabel-root\\"><span class=\\"MuiButtonBase-root MuiIconButton-root PrivateSwitchBase-root-1 MuiCheckbox-root MuiCheckbox-colorSecondary MuiIconButton-colorSecondary\\" aria-disabled=\\"false\\"><span class=\\"MuiIconButton-label\\"><input type=\\"checkbox\\" class=\\"PrivateSwitchBase-input-4\\" data-indeterminate=\\"false\\"/><svg class=\\"MuiSvgIcon-root\\" focusable=\\"false\\" viewBox=\\"0 0 24 24\\" aria-hidden=\\"true\\"><path d=\\"M19 5v14H5V5h14m0-2H5c-1.1 0-2 .9-2 2v14c0 1.1.9 2 2 2h14c1.1 0 2-.9 2-2V5c0-1.1-.9-2-2-2z\\"></path></svg></span></span><span class=\\"MuiTypography-root MuiFormControlLabel-label MuiTypography-body1\\">MONDAY</span></label><label class=\\"MuiFormControlLabel-root\\"><span class=\\"MuiButtonBase-root MuiIconButton-root PrivateSwitchBase-root-1 MuiCheckbox-root MuiCheckbox-colorSecondary MuiIconButton-colorSecondary\\" aria-disabled=\\"false\\"><span class=\\"MuiIconButton-label\\"><input type=\\"checkbox\\" class=\\"PrivateSwitchBase-input-4\\" data-indeterminate=\\"false\\"/><svg class=\\"MuiSvgIcon-root\\" focusable=\\"false\\" viewBox=\\"0 0 24 24\\" aria-hidden=\\"true\\"><path d=\\"M19 5v14H5V5h14m0-2H5c-1.1 0-2 .9-2 2v14c0 1.1.9 2 2 2h14c1.1 0 2-.9 2-2V5c0-1.1-.9-2-2-2z\\"></path></svg></span></span><span class=\\"MuiTypography-root MuiFormControlLabel-label MuiTypography-body1\\">TUESDAY</span></label><label class=\\"MuiFormControlLabel-root\\"><span class=\\"MuiButtonBase-root MuiIconButton-root PrivateSwitchBase-root-1 MuiCheckbox-root MuiCheckbox-colorSecondary MuiIconButton-colorSecondary\\" aria-disabled=\\"false\\"><span class=\\"MuiIconButton-label\\"><input type=\\"checkbox\\" class=\\"PrivateSwitchBase-input-4\\" data-indeterminate=\\"false\\"/><svg class=\\"MuiSvgIcon-root\\" focusable=\\"false\\" viewBox=\\"0 0 24 24\\" aria-hidden=\\"true\\"><path d=\\"M19 5v14H5V5h14m0-2H5c-1.1 0-2 .9-2 2v14c0 1.1.9 2 2 2h14c1.1 0 2-.9 2-2V5c0-1.1-.9-2-2-2z\\"></path></svg></span></span><span class=\\"MuiTypography-root MuiFormControlLabel-label MuiTypography-body1\\">WEDNESDAY</span></label><label class=\\"MuiFormControlLabel-root\\"><span class=\\"MuiButtonBase-root MuiIconButton-root PrivateSwitchBase-root-1 MuiCheckbox-root MuiCheckbox-colorSecondary MuiIconButton-colorSecondary\\" aria-disabled=\\"false\\"><span class=\\"MuiIconButton-label\\"><input type=\\"checkbox\\" class=\\"PrivateSwitchBase-input-4\\" data-indeterminate=\\"false\\"/><svg class=\\"MuiSvgIcon-root\\" focusable=\\"false\\" viewBox=\\"0 0 24 24\\" aria-hidden=\\"true\\"><path d=\\"M19 5v14H5V5h14m0-2H5c-1.1 0-2 .9-2 2v14c0 1.1.9 2 2 2h14c1.1 0 2-.9 2-2V5c0-1.1-.9-2-2-2z\\"></path></svg></span></span><span class=\\"MuiTypography-root MuiFormControlLabel-label MuiTypography-body1\\">THURSDAY</span></label><label class=\\"MuiFormControlLabel-root\\"><span class=\\"MuiButtonBase-root MuiIconButton-root PrivateSwitchBase-root-1 MuiCheckbox-root MuiCheckbox-colorSecondary MuiIconButton-colorSecondary\\" aria-disabled=\\"false\\"><span class=\\"MuiIconButton-label\\"><input type=\\"checkbox\\" class=\\"PrivateSwitchBase-input-4\\" data-indeterminate=\\"false\\"/><svg class=\\"MuiSvgIcon-root\\" focusable=\\"false\\" viewBox=\\"0 0 24 24\\" aria-hidden=\\"true\\"><path d=\\"M19 5v14H5V5h14m0-2H5c-1.1 0-2 .9-2 2v14c0 1.1.9 2 2 2h14c1.1 0 2-.9 2-2V5c0-1.1-.9-2-2-2z\\"></path></svg></span></span><span class=\\"MuiTypography-root MuiFormControlLabel-label MuiTypography-body1\\">FRIDAY</span></label><label class=\\"MuiFormControlLabel-root\\"><span class=\\"MuiButtonBase-root MuiIconButton-root PrivateSwitchBase-root-1 MuiCheckbox-root MuiCheckbox-colorSecondary MuiIconButton-colorSecondary\\" aria-disabled=\\"false\\"><span class=\\"MuiIconButton-label\\"><input type=\\"checkbox\\" class=\\"PrivateSwitchBase-input-4\\" data-indeterminate=\\"false\\"/><svg class=\\"MuiSvgIcon-root\\" focusable=\\"false\\" viewBox=\\"0 0 24 24\\" aria-hidden=\\"true\\"><path d=\\"M19 5v14H5V5h14m0-2H5c-1.1 0-2 .9-2 2v14c0 1.1.9 2 2 2h14c1.1 0 2-.9 2-2V5c0-1.1-.9-2-2-2z\\"></path></svg></span></span><span class=\\"MuiTypography-root MuiFormControlLabel-label MuiTypography-body1\\">SATURDAY</span></label></div><div class=\\"MuiContainer-root MuiContainer-fixed MuiContainer-maxWidthLg\\"><div></div><div>Loading...</div></div></div>"`;
