// Jest Snapshot v1, https://goo.gl/fbAQLP

exports[`Snapshot test user dashboard Matches snapshot 1`] = `"<div class=\\"MuiGrid-root MuiGrid-container MuiGrid-align-items-xs-flex-start\\"><div class=\\"MuiGrid-root MuiGrid-item\\"><button class=\\"MuiButtonBase-root MuiButton-root MuiButton-contained MuiButton-containedPrimary\\" tabindex=\\"0\\" type=\\"button\\"><span class=\\"MuiButton-label\\">Owner Dashboard</span></button></div></div><ul class=\\"MuiGridList-root\\" style=\\"margin:-2px;height:100vh;width:100%\\"><li class=\\"MuiGridListTile-root\\" style=\\"width:40%;height:50vh;padding:2px\\"><div class=\\"MuiGridListTile-tile\\"><div class=\\"MuiBox-root MuiBox-root-1\\"><h6 class=\\"MuiTypography-root MuiTypography-h6\\">Subscribed Trucks</h6></div><div class=\\"MuiContainer-root MuiContainer-maxWidthLg\\" style=\\"max-height:50vh;overflow:auto\\"><ul class=\\"MuiList-root\\"><li class=\\"MuiListItem-root\\" style=\\"min-width:100%\\"><div class=\\"MuiPaper-root MuiCard-root makeStyles-root-2 MuiPaper-elevation1 MuiPaper-rounded\\"><button class=\\"MuiButtonBase-root MuiCardActionArea-root\\" tabindex=\\"0\\" type=\\"button\\"><div class=\\"MuiCardHeader-root\\"><div class=\\"MuiCardHeader-content\\"><span class=\\"MuiTypography-root MuiCardHeader-title MuiTypography-h5 MuiTypography-displayBlock\\"></span></div></div><span class=\\"MuiCardActionArea-focusHighlight\\"></span></button><div class=\\"MuiCardContent-root\\"><div class=\\"MuiGrid-root MuiGrid-container MuiGrid-align-items-xs-flex-start\\"><div class=\\"MuiGrid-root MuiGrid-item\\"></div><div class=\\"MuiGrid-root MuiGrid-container MuiGrid-item MuiGrid-align-items-xs-flex-start\\"></div></div></div><div class=\\"MuiCardActions-root MuiCardActions-spacing\\"><button class=\\"MuiButtonBase-root MuiButton-root MuiButton-text\\" tabindex=\\"0\\" type=\\"button\\"><span class=\\"MuiButton-label\\">View Truck</span></button></div></div></li></ul></div></div></li><li class=\\"MuiGridListTile-root\\" style=\\"width:60%;height:50vh;padding:2px\\"><div class=\\"MuiGridListTile-tile\\"><div class=\\"MuiBox-root MuiBox-root-3\\"><h6 class=\\"MuiTypography-root MuiTypography-h6\\">Nearby Trucks</h6></div><div class=\\"MuiContainer-root MuiContainer-fixed MuiContainer-maxWidthLg\\"><div></div><div>Loading...</div></div></div></li></ul>"`;
